// Jest Snapshot v1, https://goo.gl/fbAQLP

exports[`Footer should render Footer component 1`] = `
<footer
  className="yta_Footer"
>
  <nav>
    <h2
      className="yta_u-onlyRead"
    >
      Redes sociales
    </h2>
    <ul
      className="yta_Footer-socialNetwork"
    >
      <NetworkSocial
        name="facebook"
        url="www.facebook.com"
      />
      <NetworkSocial
        name="twitter"
        url="www.twitter.com"
      />
      <NetworkSocial
        name="instagram"
        url="www.instagram.com"
      />
      <NetworkSocial
        name="youtube"
        url="www.youtube.com"
      />
    </ul>
  </nav>
  <p
    className="yta_Footer-copyright"
  >
    Copyright Â© 2018 Yo te adopto.
  </p>
</footer>
`;
