// Jest Snapshot v1, https://goo.gl/fbAQLP

exports[`NetworkSocial should render NetworkSocial component 1`] = `
<li
  className="yta_Footer-socialNetwork-item"
>
  <a
    href="www.facebok.com"
  >
    <span
      data-icon="ei-sc-facebook"
      data-size="m"
    />
    <span
      className="yta_u-onlyRead"
    >
      facebook
    </span>
  </a>
</li>
`;
